## Medical Record Numbers
- Patient can see his MRNs
- Show a relevant patient MRN in the team header


## Team Patient Summary
- Update the patient summary as a provider
- Request to update the patient summary as a patient
- View a patient summary updated by a different team member


## Exclude This
- You should not see this in the report
